tangent cells 5000 pending 200
tangent cells 10000 pending 190
tangent cells 15000 pending 190
{
  "N": 15,
  "b": 10,
  "phase": "pi",
  "precision_dps": 60,
  "lambda_box": [
    "0.06547203833228467865950570551555496191220192757130252606156707342165475",
    "0.06547203833228467865950590551555496191220192757130252606156709982864747"
  ],
  "domain_cover": [
    -47.25,
    47.25
  ],
  "period": "2*pi*15",
  "visited": 31722,
  "unresolved": [],
  "coalescent_coefficient": [
    "0.05369124373396262394108564475526462958999396689435650613723793303356683",
    "0.05369124373396262394108660770185775875976083936240334218762455315199439"
  ],
  "fixed_strong_pair_optimized_amplitudes": [
    "0.06008025583829165292097563861415236915215612249147595879699173534378746",
    "0.06008025583829165292097600567317401360703183890119354129102860071826898"
  ],
  "fixed_strong_pair_unit_amplitudes": [
    "0.06429881705076231489658501345970121813831388739114399174585493343587639",
    "0.06429881705076231489658540629193121184638584442597708507562646775722918"
  ],
  "weak_location_R": [
    "0.07282251953778426700217859943874045732946178991763213307353726516958635",
    "0.07282251953778426700217958159559665923198727332978580432691015891340616"
  ],
  "other_minimum_margin": "0.04472049324978741520244868236953898525744566478414249824007604691194109",
  "coalescent_margin": "0.01301027711278708196191770795528852108188204513628791087926254378537492",
  "tangent_classification_certified": true,
  "global_smallz_theorem_requires": "generalN_theorem.md and the three lemma_*.md proofs",
  "finite_positive_z_radius_certified": false
}
