tangent cells 10000 pending 140
tangent cells 15000 pending 140
tangent cells 20000 pending 136
tangent cells 25000 pending 134
{
  "N": 11,
  "b": 10,
  "phase": "pi",
  "precision_dps": 60,
  "lambda_box": [
    "0.06457268441660407411754217157656008257419638192033744828547638373683485",
    "0.06457268441660407411754237157656008257419638192033744828547641014382757"
  ],
  "domain_cover": [
    -34.75,
    34.75
  ],
  "period": "2*pi*11",
  "visited": 30000,
  "unresolved": [],
  "coalescent_coefficient": [
    "0.03786212642041991132666907917361834846799616113215050101509751606193762",
    "0.0378621264204199113266697868759258270365808894056164308174108512540614"
  ],
  "fixed_strong_pair_optimized_amplitudes": [
    "0.04278785739584183346048060275446717187449411214264352047082719222839902",
    "0.04278785739584183346048086780683587804189961596197599375921308026036188"
  ],
  "fixed_strong_pair_unit_amplitudes": [
    "0.04586594730042976899345034932619419457492508534544980916895617856915566",
    "0.04586594730042976899345063344600562763285120253144474603331955431061947"
  ],
  "weak_location_R": [
    "0.05185623821702609465276902370053895933416624619187714436066539861093749",
    "0.05185623821702609465276973693229664807363811036436592972307284925057697"
  ],
  "other_minimum_margin": "0.03106992952288868077940518182685424801240009615171502849374617105768161",
  "coalescent_margin": "0.009695331070824543379073111701366803027399652808285335076289376119506778",
  "tangent_classification_certified": true,
  "global_smallz_theorem_requires": "generalN_theorem.md and the three lemma_*.md proofs",
  "finite_positive_z_radius_certified": false
}
