tangent cells 15000 pending 518
{
  "N": 41,
  "b": 10,
  "phase": "pi",
  "precision_dps": 60,
  "lambda_box": [
    "0.06636911836685843749805892898786286489497243433322653285793071738674576",
    "0.06636911836685843749805912898786286489497243433322653285793074379373849"
  ],
  "domain_cover": [
    -129.0,
    129.0
  ],
  "period": "2*pi*41",
  "visited": 38902,
  "unresolved": [],
  "coalescent_coefficient": [
    "0.1524253465730191981413284302877710368695863521347383566061540904745256",
    "0.1524253465730191981413310564340835316737902701531504935578346657958921"
  ],
  "fixed_strong_pair_optimized_amplitudes": [
    "0.1690170073299602924741185865199757942737876067698925350356765657285896",
    "0.1690170073299602924741196051684767173133190539290259757144613987609506"
  ],
  "fixed_strong_pair_unit_amplitudes": [
    "0.1805992547845567055815420616780310633445059128371333818591198124509404",
    "0.1805992547845567055815431501315722798228808810052087828101042568807471"
  ],
  "weak_location_R": [
    "0.2048071209389859768325860916566083152553599284554068943359453797209587",
    "0.2048071209389859768325888022030353363368870877311785651981607753193277"
  ],
  "other_minimum_margin": "0.1285654501953703855995290162190431819766509407859238615402678682791174",
  "coalescent_margin": "0.03498644191827242221810393859852587044355574018040979667289985688094364",
  "tangent_classification_certified": true,
  "global_smallz_theorem_requires": "generalN_theorem.md and the three lemma_*.md proofs",
  "finite_positive_z_radius_certified": false
}
