tangent cells 5000 pending 402
tangent cells 10000 pending 394
tangent cells 20000 pending 390
tangent cells 35000 pending 14
{
  "N": 31,
  "b": 10,
  "phase": "pi",
  "precision_dps": 60,
  "lambda_box": [
    "0.06626570408481831344711391778842554992517101915174405555596227331613268",
    "0.0662657040848183134471141177884255499251710191517440555559622997231254"
  ],
  "domain_cover": [
    -97.5,
    97.5
  ],
  "period": "2*pi*31",
  "visited": 35066,
  "unresolved": [],
  "coalescent_coefficient": [
    "0.1147524099293623803463869252072713927305050021414046110887152103506177",
    "0.1147524099293623803463889113512060540586283535190519412345673002422857"
  ],
  "fixed_strong_pair_optimized_amplitudes": [
    "0.1273723966127297424781334863875268209727035836626742743393865040747855",
    "0.1273723966127297424781342552461596346919161153814806640012662552990114"
  ],
  "fixed_strong_pair_unit_amplitudes": [
    "0.1361254496735579018882901080641836464640766803483250579559406255037043",
    "0.1361254496735579018882909297589142982111634245621456344327598488572705"
  ],
  "weak_location_R": [
    "0.1543519351465507920963203025331409078266756415364010998697162934007717",
    "0.1543519351465507920963223497096193068951440579144427800405675633208208"
  ],
  "other_minimum_margin": "0.09665853247170578064379331125758949135420016652638906909565237533323822",
  "coalescent_margin": "0.02650335720783887592283606744760443538247496692063519124106342214449836",
  "tangent_classification_certified": true,
  "global_smallz_theorem_requires": "generalN_theorem.md and the three lemma_*.md proofs",
  "finite_positive_z_radius_certified": false
}
