checked 5000
checked 10000
checked 15000
checked 20000
checked 25000
{
  "N0": 10001,
  "original_cells": 27708,
  "replaced_parents": 4,
  "refined_leaves": 6,
  "predicate_margins": {
    "cost_excluded": {
      "margin_lower": "0.00000000465368854679021422306141111086488569708098769512947823978268377525097136993",
      "index": 24711
    },
    "gradient_excluded": {
      "margin_lower": "0.00000000543958700761031783042036137087979980941882536526811170112732812724733272257",
      "index": 26614
    },
    "monotone_derivative_no_root": {
      "margin_lower": "0.000000000412411316746002379100077414100082817951240746786937493857101114053724669776",
      "index": 26181
    },
    "unique_root_B_min": {
      "margin_lower": "0.000101183865279744198222806588146894918056407272412085006069626040791070413913",
      "index": 350
    },
    "unique_root_A_min": {
      "margin_lower": "0.0000250644584366013606311231840089893233791419870110841376222399819270009797219",
      "index": 26180
    },
    "monotone_no_root": {
      "margin_lower": "0.0000231082583955226493254166945614848545222527328118269977369622471709347468727",
      "index": "refined_5"
    }
  },
  "coalescent_margin_lower": "0.000851154211698329512234936557652298411906862896024602368054401064301488701695",
  "tail_margin_lower": "0.00313564906296718819640160710087057348092989578636645831525306873534138846429"
}
