root slabs 32 pass True
root slabs 64 pass True
root slabs 96 pass True
root slabs 128 pass True
root slabs 160 pass True
root slabs 192 pass True
root slabs 224 pass True
root slabs 256 pass True
root slabs 288 pass True
root slabs 320 pass True
root slabs 352 pass True
root slabs 384 pass True
root slabs 416 pass True
root slabs 448 pass True
root slabs 480 pass True
root slabs 512 pass True
root slabs 544 pass True
root slabs 576 pass True
root slabs 608 pass True
root slabs 640 pass True
root slabs 672 pass True
root slabs 704 pass True
root slabs 736 pass True
root slabs 768 pass True
root slabs 800 pass True
root slabs 832 pass True
root slabs 864 pass True
root slabs 896 pass True
root slabs 928 pass True
root slabs 960 pass True
root slabs 992 pass True
root slabs 1024 pass True
root slabs 1056 pass True
root slabs 1088 pass True
root slabs 1120 pass True
root slabs 1152 pass True
root slabs 1184 pass True
root slabs 1216 pass True
root slabs 1248 pass True
root slabs 1280 pass True
root slabs 1312 pass True
root slabs 1344 pass True
root slabs 1376 pass True
root slabs 1408 pass True
root slabs 1440 pass True
root slabs 1472 pass True
root slabs 1504 pass True
root slabs 1536 pass True
root slabs 1568 pass True
root slabs 1600 pass True
root slabs 1632 pass True
root slabs 1664 pass True
root slabs 1696 pass True
root slabs 1728 pass True
root slabs 1760 pass True
root slabs 1792 pass True
root slabs 1824 pass True
root slabs 1856 pass True
root slabs 1888 pass True
root slabs 1920 pass True
root slabs 1952 pass True
root slabs 1984 pass True
root slabs 2016 pass True
root slabs 2048 pass True
root slabs 2080 pass True
root slabs 2112 pass True
root slabs 2144 pass True
root slabs 2176 pass True
root slabs 2208 pass True
root slabs 2240 pass True
root slabs 2272 pass True
root slabs 2304 pass True
root slabs 2336 pass True
root slabs 2368 pass True
root slabs 2400 pass True
root slabs 2432 pass True
root slabs 2464 pass True
root slabs 2496 pass True
root slabs 2528 pass True
root slabs 2560 pass True
root slabs 2592 pass True
root slabs 2624 pass True
root slabs 2656 pass True
root slabs 2688 pass True
root slabs 2720 pass True
root slabs 2752 pass True
root slabs 2784 pass True
root slabs 2816 pass True
root slabs 2848 pass True
root slabs 2880 pass True
root slabs 2912 pass True
root slabs 2944 pass True
root slabs 2976 pass True
root slabs 3008 pass True
root slabs 3040 pass True
root slabs 3072 pass True
root slabs 3104 pass True
root slabs 3136 pass True
root slabs 3168 pass True
root slabs 3200 pass True
root slabs 3232 pass True
root slabs 3264 pass True
root slabs 3296 pass True
root slabs 3328 pass True
root slabs 3360 pass True
root slabs 3392 pass True
root slabs 3424 pass True
root slabs 3456 pass True
root slabs 3488 pass True
root slabs 3520 pass True
root slabs 3552 pass True
root slabs 3584 pass True
root slabs 3616 pass True
root slabs 3648 pass True
root slabs 3680 pass True
root slabs 3712 pass True
root slabs 3744 pass True
root slabs 3776 pass True
root slabs 3808 pass True
root slabs 3840 pass True
root slabs 3872 pass True
root slabs 3904 pass True
root slabs 3936 pass True
root slabs 3968 pass True
root slabs 4000 pass True
root slabs 4032 pass True
root slabs 4064 pass True
root slabs 4096 pass True
{
  "interval": [
    "0.2131906301722773982036098513551920308807846909441829969680288159373386741871575032047",
    "0.2831906301722773982036098513551920308807846909441829969680288159373386741871575032047"
  ],
  "slabs": 4096,
  "all_pass": true,
  "minimum_slope_lower": "[6.844978998913281307954630329921945634428379607131063760326912640874357433557248932669, 6.844978998913281307954630329921945634428379607131063760326912640874357433557248932669]"
}
