joints 32
joints 64
joints 96
joints 128
joints 160
joints 192
joints 224
joints 256
joints 288
joints 320
joints 352
joints 384
joints 416
joints 448
joints 480
joints 512
joints 544
joints 576
joints 608
joints 640
joints 672
joints 704
joints 736
joints 768
joints 800
joints 832
joints 864
joints 896
joints 928
joints 960
joints 992
joints 1024
joints 1056
joints 1088
joints 1120
joints 1152
joints 1184
joints 1216
joints 1248
joints 1280
joints 1312
joints 1344
joints 1376
joints 1408
joints 1440
joints 1472
joints 1504
joints 1536
joints 1568
joints 1600
joints 1632
joints 1664
joints 1696
joints 1728
joints 1760
joints 1792
joints 1824
joints 1856
joints 1888
joints 1920
joints 1952
joints 1984
joints 2016
joints 2048
joints 2080
joints 2112
joints 2144
joints 2176
joints 2208
joints 2240
joints 2272
joints 2304
joints 2336
joints 2368
joints 2400
joints 2432
joints 2464
joints 2496
joints 2528
joints 2560
joints 2592
joints 2624
joints 2656
joints 2688
joints 2720
joints 2752
joints 2784
joints 2816
joints 2848
joints 2880
joints 2912
joints 2944
joints 2976
joints 3008
joints 3040
joints 3072
joints 3104
joints 3136
joints 3168
joints 3200
joints 3232
joints 3264
joints 3296
joints 3328
joints 3360
joints 3392
joints 3424
joints 3456
joints 3488
joints 3520
joints 3552
joints 3584
joints 3616
joints 3648
joints 3680
joints 3712
joints 3744
joints 3776
joints 3808
joints 3840
joints 3872
joints 3904
joints 3936
joints 3968
joints 4000
joints 4032
joints 4064
{
  "slabs": 4096,
  "joint_boundaries": 4095,
  "checks": 8190,
  "all_joints_pass": true,
  "minimum_box_containment": "0.00021916121623834355922505380441099245459910452010018916196427034867044597178427145199428",
  "minimum_gram_determinant_lower": "420.905566278716136759128269881946991525489961687052239434468378743687554528506754759283941"
}
